[www.temptationbeautylondon.com/index.html]
[www.temptationbeautylondon.com/c.0.delayed]
[www.temptationbeautylondon.com/t.1.delayed]
[backblue.gif]
[fade.gif]
[index.html]
[www.temptationbeautylondon.com/eyebrow-eyelash-lamination.html]
[www.temptationbeautylondon.com/eyebrow-eyelash-tinting-1.html]
[www.temptationbeautylondon.com/mens-waxing.html]
[www.temptationbeautylondon.com/massage.html]
[www.temptationbeautylondon.com/laser-treatments.html]
[www.temptationbeautylondon.com/body-waxing-for-women.html]
[www.temptationbeautylondon.com/threading-or-facial-waxing.html]
[www.temptationbeautylondon.com/facials.html]
[www.temptationbeautylondon.com/full-treatment-price-list.html]
[www.temptationbeautylondon.com/nails.html]
[www.temptationbeautylondon.com/tanning.html]
[www.temptationbeautylondon.com/about.html]
[www.temptationbeautylondon.com/terms-and-conditions.html]
[www.temptationbeautylondon.com/privacy-policy.html]
[www.temptationbeautylondon.com/api/index.html]
[www.temptationbeautylondon.com/envelope/index.html]
[www.temptationbeautylondon.com/sitemap.xml]
[www.temptationbeautylondon.com/feed.11.delayed]
[www.temptationbeautylondon.com/decodeURIComponent(e.12.delayed]
[www.temptationbeautylondon.com/index.html]
[www.temptationbeautylondon.com/c.html]
[www.temptationbeautylondon.com/t.html]
[www.temptationbeautylondon.com/eyebrow-eyelash-lamination.html]
[www.temptationbeautylondon.com/eyebrow-eyelash-tinting-1.html]
[www.temptationbeautylondon.com/mens-waxing.html]
[www.temptationbeautylondon.com/massage.html]
[www.temptationbeautylondon.com/laser-treatments.html]
[www.temptationbeautylondon.com/body-waxing-for-women.html]
[www.temptationbeautylondon.com/threading-or-facial-waxing.html]
[www.temptationbeautylondon.com/facials.html]
[www.temptationbeautylondon.com/full-treatment-price-list.html]
[www.temptationbeautylondon.com/nails.html]
[www.temptationbeautylondon.com/tanning.html]
[www.temptationbeautylondon.com/about.html]
[www.temptationbeautylondon.com/terms-and-conditions.html]
[www.temptationbeautylondon.com/privacy-policy.html]
[www.temptationbeautylondon.com/api/index.html]
[www.temptationbeautylondon.com/envelope/index.html]
[www.temptationbeautylondon.com/feed.html]
[www.temptationbeautylondon.com/decodeURIComponent(e.html]
